// Jest Snapshot v1, https://goo.gl/fbAQLP

exports[`Board should renders component 1`] = `
<div>
  <div
    class="board"
  >
    Board
    <div
      class="hand"
    >
      <div
        class="cards"
      >
        <span
          class="no-cards"
        >
          MÃ£o vazia
        </span>
      </div>
    </div>
  </div>
</div>
`;
