// Jest Snapshot v1, https://goo.gl/fbAQLP

exports[`Card should mount Component 1`] = `
<div>
  <div
    class="card"
  >
    cards
  </div>
</div>
`;
