// Jest Snapshot v1, https://goo.gl/fbAQLP

exports[`Hand should mount Component 1`] = `
<div>
  <div
    class="hand"
  >
    hand
    <div
      class="card"
    >
      cards
    </div>
  </div>
</div>
`;
